---
source: src/main.rs
expression: sorted_mails
---
[
    SnapshotMail {
        email: "From: user@private.com\r\nTo: \"Recipient\" <recipient_at_example_com@simplelogin.co>\r\nDate: Tue, 15 Jan 2008 16:02:43 -0500\r\nSubject: Test message\r\n\r\nHello\r\n.",
        from: Some(
            Address {
                serialized: "user@private.com",
                at_start: 4,
            },
        ),
        to: [
            "recipient_at_example_com@simplelogin.co",
        ],
    },
]
